N 100 k 2
N 100 k 4
N 100 k 8
N 1000 k 2
N 1000 k 4
N 1000 k 8
N 10000 k 2
N 10000 k 4
N 10000 k 8
{'N': 100, 'k': 2, 'w': 'equal', 'window_step1': [7.743, 77.426], 'window_step10': None, 'thresh10': {'pr': 1.9995796435072495, 'tv': 0.006254433751448362, 'noise': 1.3461454173580023e-15}, 'proj10': {'pr': 1.9995534823579721, 'tv': 0.006677024998515139, 'noise': -8.326672684688674e-17}, 'linear10': {'pr': 1.9419190399888766, 'tv': 0.08309353986183113, 'noise': 0.6778037150373711}}
{'N': 100, 'k': 2, 'w': 'unequal', 'window_step1': None, 'window_step10': None, 'thresh10': {'pr': 1.5683552966840124, 'tv': 0.07972150416648197, 'noise': 1.3461454173580023e-15}, 'proj10': {'pr': 1.685650094105513, 'tv': 0.007105937095686139, 'noise': -3.3306690738754696e-16}, 'linear10': {'pr': 1.7612927033431618, 'tv': 0.07009656819199928, 'noise': 0.6958044267504176}}
{'N': 100, 'k': 4, 'w': 'equal', 'window_step1': [7.743, 27.826], 'window_step10': None, 'thresh10': {'pr': 3.761588110325782, 'tv': 0.10807788683016789, 'noise': 1.5543122344752192e-15}, 'proj10': {'pr': 3.9967273595725477, 'tv': 0.010517656358792014, 'noise': 4.3021142204224816e-16}, 'linear10': {'pr': 3.484110047043681, 'tv': 0.1665843588654068, 'noise': 0.7132415535529121}}
{'N': 100, 'k': 4, 'w': 'unequal', 'window_step1': None, 'window_step10': None, 'thresh10': {'pr': 3.490783362847223, 'tv': 0.12015906207991126, 'noise': 1.1657341758564144e-15}, 'proj10': {'pr': 3.6335649139207984, 'tv': 0.01683215168634563, 'noise': -1.3877787807814457e-17}, 'linear10': {'pr': 3.510233065437521, 'tv': 0.09764970986001331, 'noise': 0.6883588052100914}}
{'N': 100, 'k': 8, 'w': 'equal', 'window_step1': [10.0, 27.826], 'window_step10': None, 'thresh10': {'pr': 6.281233908865614, 'tv': 0.2178795590240514, 'noise': 2.275957200481571e-15}, 'proj10': {'pr': 7.984152873692277, 'tv': 0.017361960981577586, 'noise': -1.8041124150158794e-16}, 'linear10': {'pr': 6.6502525253558264, 'tv': 0.1801419423655164, 'noise': 0.6669768865089005}}
{'N': 100, 'k': 8, 'w': 'unequal', 'window_step1': None, 'window_step10': None, 'thresh10': {'pr': 6.362136239573452, 'tv': 0.19537396700682083, 'noise': 2.123301534595612e-15}, 'proj10': {'pr': 7.427026936526688, 'tv': 0.022612829534414916, 'noise': 2.7755575615628914e-16}, 'linear10': {'pr': 5.871235571911158, 'tv': 0.2060190660815706, 'noise': 0.6749732355333413}}
{'N': 1000, 'k': 2, 'w': 'equal', 'window_step1': [10.0, 46.416], 'window_step10': None, 'thresh10': {'pr': 1.9977617367003933, 'tv': 0.01292712684562074, 'noise': 1.609823385706477e-15}, 'proj10': {'pr': 1.9989813515535877, 'tv': 0.009880306542502222, 'noise': -2.636779683484747e-16}, 'linear10': {'pr': 1.9779070360299396, 'tv': 0.04187073306426367, 'noise': 0.8627206561690022}}
{'N': 1000, 'k': 2, 'w': 'unequal', 'window_step1': None, 'window_step10': None, 'thresh10': {'pr': 1.4721849475278797, 'tv': 0.1537616002311094, 'noise': 0.04095818339134712}, 'proj10': {'pr': 1.6882863259364773, 'tv': 0.007306725008602563, 'noise': 1.3877787807814457e-17}, 'linear10': {'pr': 1.570685231341785, 'tv': 0.08281949437940166, 'noise': 0.8672949590830523}}
{'N': 1000, 'k': 4, 'w': 'equal', 'window_step1': [12.915, 35.938], 'window_step10': None, 'thresh10': {'pr': 3.7248609785985356, 'tv': 0.10902676822955346, 'noise': 1.2212453270876722e-15}, 'proj10': {'pr': 3.9942270982728054, 'tv': 0.015599297292475198, 'noise': -3.0531133177191805e-16}, 'linear10': {'pr': 3.798243803586053, 'tv': 0.09680442924627011, 'noise': 0.8551625826521292}}
{'N': 1000, 'k': 4, 'w': 'unequal', 'window_step1': None, 'window_step10': None, 'thresh10': {'pr': 3.5007286199531684, 'tv': 0.12063803685133054, 'noise': 1.6237011735142914e-15}, 'proj10': {'pr': 3.6182876236051373, 'tv': 0.018487134285397284, 'noise': -6.38378239159465e-16}, 'linear10': {'pr': 3.538511049324522, 'tv': 0.06543405478555919, 'noise': 0.873870208283265}}
{'N': 1000, 'k': 8, 'w': 'equal', 'window_step1': [16.681, 21.544], 'window_step10': None, 'thresh10': {'pr': 6.20357244640244, 'tv': 0.22227684145853974, 'noise': 0.034406870389423694}, 'proj10': {'pr': 7.9738414900828785, 'tv': 0.02324208923854222, 'noise': 1.5265566588595902e-16}, 'linear10': {'pr': 7.285985322525519, 'tv': 0.12752552893134148, 'noise': 0.8579063774069304}}
{'N': 1000, 'k': 8, 'w': 'unequal', 'window_step1': None, 'window_step10': None, 'thresh10': {'pr': 5.980001079012996, 'tv': 0.2065621071350292, 'noise': 1.9290125052862095e-15}, 'proj10': {'pr': 7.409614289556254, 'tv': 0.023339200722894193, 'noise': -3.885780586188048e-16}, 'linear10': {'pr': 6.681178729239855, 'tv': 0.1295522238793867, 'noise': 0.855400555273639}}
{'N': 10000, 'k': 2, 'w': 'equal', 'window_step1': [12.915, 215.443], 'window_step10': None, 'thresh10': {'pr': 1.9983631444192325, 'tv': 0.011396428898276509, 'noise': 1.1657341758564144e-15}, 'proj10': {'pr': 1.9993055179293926, 'tv': 0.00796143263929289, 'noise': 1.3877787807814457e-17}, 'linear10': {'pr': 1.9851526254193557, 'tv': 0.03512427122269031, 'noise': 0.8770531471048338}}
{'N': 10000, 'k': 2, 'w': 'unequal', 'window_step1': None, 'window_step10': None, 'thresh10': {'pr': 1.6212647301186447, 'tv': 0.08330137112721335, 'noise': 1.1796119636642288e-15}, 'proj10': {'pr': 1.6842905804442352, 'tv': 0.0099211609190961, 'noise': 4.163336342344337e-17}, 'linear10': {'pr': 1.630394181921091, 'tv': 0.029161698261260412, 'noise': 0.8797216014311746}}
{'N': 10000, 'k': 4, 'w': 'equal', 'window_step1': [16.681, 35.938], 'window_step10': None, 'thresh10': {'pr': 3.676290452300738, 'tv': 0.11945963769059627, 'noise': 8.743006318923108e-16}, 'proj10': {'pr': 3.994799195794927, 'tv': 0.01529241144406669, 'noise': 8.326672684688674e-16}, 'linear10': {'pr': 3.910436793827368, 'tv': 0.05740947949993289, 'noise': 0.8831212437853071}}
{'N': 10000, 'k': 4, 'w': 'unequal', 'window_step1': None, 'window_step10': None, 'thresh10': {'pr': 3.3692242914057573, 'tv': 0.1406020590902997, 'noise': 0.028457165293754208}, 'proj10': {'pr': 3.629715864993461, 'tv': 0.015169111703335772, 'noise': -3.469446951953614e-16}, 'linear10': {'pr': 3.6690534928888576, 'tv': 0.06377759229437237, 'noise': 0.8830657728466034}}
{'N': 10000, 'k': 8, 'w': 'equal', 'window_step1': [21.544, 21.544], 'window_step10': None, 'thresh10': {'pr': 6.6370900325886275, 'tv': 0.18675815663884945, 'noise': 2.8727020762175925e-15}, 'proj10': {'pr': 7.978709175989001, 'tv': 0.021047835353884405, 'noise': 6.661338147750939e-16}, 'linear10': {'pr': 7.7411660777891536, 'tv': 0.07725700584984178, 'noise': 0.8890517328976926}}
{'N': 10000, 'k': 8, 'w': 'unequal', 'window_step1': None, 'window_step10': None, 'thresh10': {'pr': 6.109077732961149, 'tv': 0.19523300609637712, 'noise': 2.123301534595612e-15}, 'proj10': {'pr': 7.135656892667626, 'tv': 0.045677731554564116, 'noise': 1.3877787807814457e-17}, 'linear10': {'pr': 7.260045976179699, 'tv': 0.07211327873127217, 'noise': 0.8733441774801124}}
